$ PATH=/tmp/aidd-914-kilo-7.7.5/node_modules/.bin:$PATH pnpm --dir cli test:e2e:kilo
$ KILO_RUNTIME_SMOKE=1 vitest run --project=e2e tests/e2e/kilo-runtime.e2e.test.ts
 DEPRECATED  The workspace file is deprecated and will be removed in the next major. Please, use the `test.projects` field in /home/coder/project/cli/vitest.config.ts instead.

 RUN  v3.2.6 /home/coder/project/cli

 ❯ |e2e| tests/e2e/kilo-runtime.e2e.test.ts (1 test | 1 failed) 120078ms
   × E2E: real Kilo runtime > runs memory and declared hooks exactly once through a real local read-tool turn 120069ms
     → Test timed out in 120000ms.
If this is a long-running test, pass a timeout value as the last argument or configure it globally with "testTimeout".

⎯⎯⎯⎯⎯⎯⎯ Failed Tests 1 ⎯⎯⎯⎯⎯⎯⎯

 FAIL  |e2e| tests/e2e/kilo-runtime.e2e.test.ts > E2E: real Kilo runtime > runs memory and declared hooks exactly once through a real local read-tool turn
Error: Test timed out in 120000ms.
If this is a long-running test, pass a timeout value as the last argument or configure it globally with "testTimeout".
 ❯ tests/e2e/kilo-runtime.e2e.test.ts:192:3
    190|
    191| describeKiloRuntime("E2E: real Kilo runtime", () => {
    192|   it("runs memory and declared hooks exactly once through a real local…
       |   ^
    193|     const { tempDir, projectDir, fakeHome, cleanup } = await createTes…
    194|     let child: ReturnType<typeof spawn> | undefined;

⎯⎯⎯⎯⎯⎯⎯⎯⎯⎯⎯⎯⎯⎯⎯⎯⎯⎯⎯⎯⎯⎯⎯⎯[1/1]⎯

⎯⎯⎯⎯⎯⎯ Unhandled Errors ⎯⎯⎯⎯⎯⎯

Vitest caught 1 unhandled error during the test run.
This might cause false positive tests. Resolve unhandled errors to make sure your tests are not affected.

⎯⎯⎯⎯⎯ Uncaught Exception ⎯⎯⎯⎯⎯
Error: listen EPERM: operation not permitted 127.0.0.1
 ❯ Server.setupListenHandle [as _listen2] node:net:2306:21
 ❯ listenInCluster node:net:2437:12
 ❯ node:net:2666:7
 ❯ processTicksAndRejections node:internal/process/task_queues:90:21

⎯⎯⎯⎯⎯⎯⎯⎯⎯⎯⎯⎯⎯⎯⎯⎯⎯⎯⎯⎯⎯⎯⎯⎯⎯⎯⎯⎯⎯⎯
Serialized Error: { code: 'EPERM', errno: -1, syscall: 'listen', address: '127.0.0.1' }
This error originated in "tests/e2e/kilo-runtime.e2e.test.ts" test file. It doesn't mean the error was thrown inside the file itself, but while it was running.
The latest test that might've caused the error is "runs memory and declared hooks exactly once through a real local read-tool turn". It might mean one of the following:
- The error was thrown, while Vitest was running this test.
- If the error occurred after the test had been completed, this was the last documented test before it was thrown.
⎯⎯⎯⎯⎯⎯⎯⎯⎯⎯⎯⎯⎯⎯⎯⎯⎯⎯⎯⎯⎯⎯⎯⎯⎯⎯⎯⎯⎯⎯


 Test Files  1 failed (1)
      Tests  1 failed (1)
     Errors  1 error
   Start at  16:10:57
   Duration  125.76s (transform 2.95s, setup 0ms, collect 4.51s, tests 120.08s, environment 0ms, prepare 91ms)

[ELIFECYCLE] Command failed with exit code 1.
